export MYUSER="eltex-v6"
git config --global user.name "Моё имя пользователя github"
git config --global user.email "Мой e-mail, использованный при регистрации"
git config --global init.defaultBranch main
apt update
apt install git gh
ssh-keygen -t ed25519 -f ~/.ssh/eltex-v6
gh auth login
gh auth setup-git --hostname github.com
gh auth status
github.com
  ✓ Logged in to github.com account Yuliasik228 (/root/.config/gh/hosts.yml)
  - Active account: true
  - Git operations protocol: ssh
  - Token: gho_************************************
  - Token scopes: 'admin:public_key', 'gist', 'read:org', 'repo'
gh repo create --public eltex_2026_summer_school
✓ Created repository Yuliasik228/eltex_2026_summer_school on GitHub
  https://github.com/Yuliasik228/eltex_2026_summer_school

mkdir ~/eltex_2026_summer_school && cd ~/eltex_2026_summer_school
echo "# Репозиторий с отчетами по заданиям из летней школы eltex" >> README.md
git init
Initialized empty Git repository in /root/eltex_2026_summer_school/.git/
git add README.md
git commit -m "first commit"
[main (root-commit) 93208da] first commit
 1 file changed, 1 insertion(+)
 create mode 100644 README.md
git branch -M main
git remote add origin https://github.com/Yuliasik228/eltex_2026_summer_school.git
git status
On branch main
nothing to commit, working tree clean
git push -u origin main
Enumerating objects: 3, done.
Counting objects: 100% (3/3), done.
Delta compression using up to 2 threads
Compressing objects: 100% (2/2), done.
Writing objects: 100% (3/3), 304 bytes | 304.00 KiB/s, done.
Total 3 (delta 0), reused 0 (delta 0), pack-reused 0
To https://github.com/Yuliasik228/eltex_2026_summer_school.git
 * [new branch]      main -> main
branch 'main' set up to track 'origin/main'.
mkdir -p module1/task1
mkdir module1/task2
mkdir module1/task3
scp eltex-v6@172.16.8.4:~/report_part1.txt ./module1/task1/
scp eltex-v6@172.16.8.4:~/eltex-v6_part2.log ./module1/task2/
scp eltex-v6@172.16.8.4:~/eltex-v6_part3.log ./module1/task3/
scp eltex-v6@172.16.8.4:~/eltex-v6_part3_gt20M.log ./module1/task3/
git add .
git status
On branch main
Your branch is up to date with 'origin/main'.

Changes to be committed:
  (use "git restore --staged <file>..." to unstage)
        new file:   module1/task1/report_part1.txt
        new file:   module1/task2/eltex-v6_part2.log
        new file:   module1/task3/eltex-v6_part3.log
        new file:   module1/task3/eltex-v6_part3_gt20M.log

git commit -m "Отчеты по практике 1"
[main 7adc66b] Отчеты по практике 1
 4 files changed, 81 insertions(+)
 create mode 100644 module1/task1/report_part1.txt
 create mode 100644 module1/task2/eltex-v6_part2.log
 create mode 100644 module1/task3/eltex-v6_part3.log
 create mode 100644 module1/task3/eltex-v6_part3_gt20M.log
git push
Enumerating objects: 11, done.
Counting objects: 100% (11/11), done.
Delta compression using up to 2 threads
Compressing objects: 100% (8/8), done.
Writing objects: 100% (10/10), 2.05 KiB | 2.05 MiB/s, done.
Total 10 (delta 0), reused 0 (delta 0), pack-reused 0
To https://github.com/Yuliasik228/eltex_2026_summer_school.git
   93208da..7adc66b  main -> main
mkdir ~/eltex_2026_summer_school_clone && cd ~/eltex_2026_summer_school_clone
git clone https://github.com/Yuliasik228/eltex_2026_summer_school.git .
Cloning into '.'...
remote: Enumerating objects: 13, done.
remote: Counting objects: 100% (13/13), done.
remote: Compressing objects: 100% (10/10), done.
remote: Total 13 (delta 0), reused 13 (delta 0), pack-reused 0 (from 0)
Receiving objects: 100% (13/13), done.
cd ~/eltex_2026_summer_school
mkdir module1/practice1
mv module1/task* module1/practice1/
git add .
git commit -m "добавлена папка для практики1, в нее перенесены папки task*"
[main 142dad3] добавлена папка для практики1, в нее перенесены папки task*
 4 files changed, 0 insertions(+), 0 deletions(-)
 rename module1/{ => practice1}/task1/report_part1.txt (100%)
 rename module1/{ => practice1}/task2/eltex-v6_part2.log (100%)
 rename module1/{ => practice1}/task3/eltex-v6_part3.log (100%)
 rename module1/{ => practice1}/task3/eltex-v6_part3_gt20M.log (100%)
git push
Enumerating objects: 5, done.
Counting objects: 100% (5/5), done.
Delta compression using up to 2 threads
Compressing objects: 100% (2/2), done.
Writing objects: 100% (3/3), 395 bytes | 395.00 KiB/s, done.
Total 3 (delta 0), reused 0 (delta 0), pack-reused 0
To https://github.com/Yuliasik228/eltex_2026_summer_school.git
   7adc66b..142dad3  main -> main
cd ~/eltex_2026_summer_school_clone
git fetch
remote: Enumerating objects: 5, done.
remote: Counting objects: 100% (5/5), done.
remote: Compressing objects: 100% (2/2), done.
remote: Total 3 (delta 0), reused 3 (delta 0), pack-reused 0 (from 0)
Unpacking objects: 100% (3/3), 375 bytes | 375.00 KiB/s, done.
From https://github.com/Yuliasik228/eltex_2026_summer_school
   7adc66b..142dad3  main       -> origin/main
git log origin/main
commit 142dad33ff3a0d933b1e83fdc8124e0752c1694d (origin/main, origin/HEAD)
Author: Yuliasik228 <ulavasilieva2018@gmail.com>
Date:   Sat Jul 25 13:26:26 2026 +0000

    добавлена папка для практики1, в нее перенесены папки task*

commit 7adc66beaa59ba248e303f8fe9650191fe3c8d97 (HEAD -> main)
Author: Yuliasik228 <ulavasilieva2018@gmail.com>
Date:   Sat Jul 25 12:55:37 2026 +0000

    Отчеты по практике 1

commit 93208da92edbb6646a173bc453afb0113901aab6
Author: Yuliasik228 <ulavasilieva2018@gmail.com>
Date:   Sat Jul 25 12:27:08 2026 +0000

    first commit
git diff main origin/main
diff --git a/module1/task1/report_part1.txt b/module1/practice1/task1/report_part1.txt
similarity index 100%
rename from module1/task1/report_part1.txt
rename to module1/practice1/task1/report_part1.txt
diff --git a/module1/task2/eltex-v6_part2.log b/module1/practice1/task2/eltex-v6_part2.log
similarity index 100%
rename from module1/task2/eltex-v6_part2.log
rename to module1/practice1/task2/eltex-v6_part2.log
diff --git a/module1/task3/eltex-v6_part3.log b/module1/practice1/task3/eltex-v6_part3.log
similarity index 100%
rename from module1/task3/eltex-v6_part3.log
rename to module1/practice1/task3/eltex-v6_part3.log
diff --git a/module1/task3/eltex-v6_part3_gt20M.log b/module1/practice1/task3/eltex-v6_part3_gt20M.log
similarity index 100%
rename from module1/task3/eltex-v6_part3_gt20M.log
rename to module1/practice1/task3/eltex-v6_part3_gt20M.log
git merge origin/main
Updating 7adc66b..142dad3
Fast-forward
 module1/{ => practice1}/task1/report_part1.txt         | 0
 module1/{ => practice1}/task2/eltex-v6_part2.log       | 0
 module1/{ => practice1}/task3/eltex-v6_part3.log       | 0
 module1/{ => practice1}/task3/eltex-v6_part3_gt20M.log | 0
 4 files changed, 0 insertions(+), 0 deletions(-)
 rename module1/{ => practice1}/task1/report_part1.txt (100%)
 rename module1/{ => practice1}/task2/eltex-v6_part2.log (100%)
 rename module1/{ => practice1}/task3/eltex-v6_part3.log (100%)
 rename module1/{ => practice1}/task3/eltex-v6_part3_gt20M.log (100%)
cd ~/eltex_2026_summer_school
mkdir -p module1/practice2/task1
mkdir module1/practice2/task2
mkdir module1/practice2/task3
cp /root/practice2_${MYUSER}_part1.log module1/practice2/task1/
cp /root/practice2_${MYUSER}_part2.log module1/practice2/task2/
cp /root/practice2_${MYUSER}_part3.log module1/practice2/task3/
git add .
git status
On branch main
Your branch is up to date with 'origin/main'.

Changes to be committed:
  (use "git restore --staged <file>..." to unstage)
	new file:   module1/practice2/task1/practice2_eltex-v6_part1.log
	new file:   module1/practice2/task2/practice2_eltex-v6_part2.log
	new file:   module1/practice2/task3/practice2_eltex-v6_part3.log

git commit -m " Отчеты по практике 2"
[main 7b1f27f]  Отчеты по практике 2
 3 files changed, 1471 insertions(+)
 create mode 100644 module1/practice2/task1/practice2_eltex-v6_part1.log
 create mode 100644 module1/practice2/task2/practice2_eltex-v6_part2.log
 create mode 100644 module1/practice2/task3/practice2_eltex-v6_part3.log
git push
