cd
mkdir -p D1/D2/D3
cd D1/D2
touch file.txt
cd
echo Произвольный текст >> D1/D2/file.txt
cd D1/D2/D3
ln -s ../file.txt softlink.txt
ln ../file.txt hardlink.txt
ls -l
cat hardlink.txt
cat softlink.txt
cd
mv D1/D2/file.txt D1/
cat D1/D2/D3/hardlink.txt
Произвольный текст
cat D1/D2/D3/softlink.txt
cat: D1/D2/D3/softlink.txt: No such file or directory
rm -r D1/D2
find / -type f -size +20M -mount 2>/dev/null
du -h $(find / -type f -size +20M -mount 2>/dev/null)
find / -type f -size +20M -mount 2>/dev/null > $(whoami)_part3_gt20M.log
find ~ -type f -mtime -1
which find
/usr/bin/find
file /usr/bin/find
/usr/bin/find: ELF 64-bit LSB pie executable, x86-64, version 1 (SYSV), dynamically linked, interpreter /lib64/ld-linux-x86-64.so.2, BuildID[sha1]=5545a6c7162d325fbe5ffabcbfe4e5521b66ce70, for GNU/Linux 3.2.0, stripped
file /boot/initrd.img*
/boot/initrd.img-6.1.0-44-amd64: ASCII cpio archive (SVR4 with no CRC)
/boot/initrd.img-6.1.0-50-amd64: ASCII cpio archive (SVR4 with no CRC)
